Period Year Season Obs Pred Sigma StdRes LL
104  2013  2 10 3.43085e-006 0.3003 49.7182 0 
