size Maturity
31 0.027462
33 0.0403448
35 0.0589051
37 0.0852454
39 0.121839
41 0.171202
43 0.235207
45 0.314074
47 0.405368
49 0.503712
51 0.601769
53 0.692288
55 0.770092
57 0.83297
59 0.881302
61 0.917042
63 0.94272
65 0.960789
67 0.97332
69 0.981922
71 0.987785
73 0.991762
75 0.994452
77 0.996267
79 0.99749
81 0.998312
83 0.998866
85 0.999238
87 0.999488
89 0.999656
91 0.999769
