Period Year Season Obs Pred Sigma StdRes LL
19  1963  1 42.7 7691.37 0.0429 -121.043 0 
20  1964  1 67.3 7236.93 0.0429 -109.018 0 
21  1965  1 86.3 6563.61 0.0429 -100.945 0 
22  1966  1 73.1 5846.44 0.0429 -102.117 0 
23  1967  1 54.6 5372.15 0.0429 -106.947 0 
24  1968  1 47.9 4909.44 0.0429 -107.899 0 
25  1969  1 41.1 4121.41 0.0429 -107.39 0 
26  1970  1 44.1 3230.17 0.0429 -100.068 0 
27  1971  1 53.7 2328.08 0.0429 -87.843 0 
28  1972  1 35.5 1719.21 0.0429 -90.4234 0 
29  1973  1 19.5 1594.87 0.0429 -102.639 0 
