Period Year Season Obs Pred Sigma StdRes LL
19  1963  1 42.7 1.67574e-006 0.0429 397.538 0 
20  1964  1 67.3 1.63605e-006 0.0429 408.702 0 
21  1965  1 86.3 1.577e-006 0.0429 415.355 0 
22  1966  1 73.1 1.51409e-006 0.0429 412.434 0 
23  1967  1 54.6 1.4727e-006 0.0429 406.279 0 
24  1968  1 47.9 1.43239e-006 0.0429 403.874 0 
25  1969  1 41.1 1.3633e-006 0.0429 401.457 0 
26  1970  1 44.1 1.28506e-006 0.0429 404.477 0 
27  1971  1 53.7 1.20589e-006 0.0429 410.55 0 
28  1972  1 35.5 1.15262e-006 0.0429 401.956 0 
29  1973  1 19.5 1.14228e-006 0.0429 388.201 0 
