size Maturity
31 0.0272911
33 0.0401737
35 0.0587702
37 0.0852107
39 0.122005
41 0.171705
43 0.236203
45 0.315696
47 0.407663
49 0.506587
51 0.604999
53 0.695577
55 0.773172
57 0.835661
59 0.883529
61 0.918809
63 0.944078
65 0.96181
67 0.974074
69 0.982471
71 0.988181
73 0.992047
75 0.994655
77 0.996411
79 0.997591
81 0.998384
83 0.998916
85 0.999273
87 0.999513
89 0.999673
91 0.999781
