Period Year Season Obs Pred Sigma StdRes LL
104  2013  2 10 3.49593e-006 0.3003 49.6556 0 
