Period Year Season Obs Pred Sigma StdRes LL
19  1963  1 45.9 50.6473 0.075075 -1.27344 0 
20  1964  1 51.1 51.3894 0.075075 -0.0376762 0 
21  1965  1 51.3 50.8712 0.075075 0.14935 0 
22  1966  1 54.4 47.08 0.075075 1.96249 0 
23  1967  1 45.1 42.3322 0.075075 0.881139 0 
24  1968  1 34.1 39.5589 0.075075 -1.94041 0 
25  1969  1 36 37.3034 0.075075 -0.436187 0 
26  1970  1 36 35.7419 0.075075 0.133396 0 
27  1971  1 36.2 34.8843 0.075075 0.530683 0 
28  1972  1 34.3 33.5439 0.075075 0.334463 0 
29  1973  1 31.4 32.2151 0.075075 -0.303809 0 
