size Maturity
31 8.71026e-007
33 5.30323e-006
35 3.22879e-005
37 0.000196553
39 0.00119552
41 0.00723494
43 0.0424859
45 0.212694
47 0.621905
49 0.909212
51 0.983864
53 0.997314
55 0.999558
57 0.999927
59 0.999988
61 0.999998
63 1
65 1
67 1
69 1
71 1
73 1
75 1
77 1
79 1
81 1
83 1
85 1
87 1
89 1
91 1
