Period Year Season Obs Pred Sigma StdRes LL
106  2014  2 10 2.06874e-005 0.3003 43.7351 0 
