f 11773.1
lnStilde 0.001
lnR0  14.3611
M  0.184434
initER  0
sigmaR  0.4
SRsteepness  0.8
qCPUE  -6.99038
qCR  -3.38503
qPRI  -17
qPoo  -14.0509
CPUEpow  1
mat50_  46.449
mat95add  3.26
galphaM  3.32012
gbetaM  2.46263
gdiffM  0.741729
galphaF  3.64419
gbetaF  1.48413
gdiffF  0.407258
GshapeM  5.40237
GrowthCVM  0.56658
GshapeF  5.30318
GrowthCVF  0.800206
StdMin 0.0001
StdObs 1.25136
GrowthDD  0
1vulnest  0.563922
2vulnest  0.524873
3vulnest  0.847982
4vulnest  0.830011
VL1M  11.6337
VR1M  200
SelectMax1M  60.941
VL1F  26.4748
VR1F  200
SelectMax1F  90
VL2M  4.50471
VR2M  200
SelectMax2M  55.115
VL2F  10.3006
VR2F  200
SelectMax2F  69.1138
1Bref 757.665
1Bmin 393.936
1B2015 1843.94
1Bmsy 499.543
1U_sl_2014 0.126715
1Fmult_msy 5.63
1MSY 541.742
1CPUE_msy 0.292375
1CPUE2014 1.53137
