Period Year Season Obs Pred Sigma StdRes LL
19  1963  1 91.1 94.3355 0.15015 -0.157356 0 
20  1964  1 109.8 87.7054 0.15015 1.57143 0 
21  1965  1 78 80.1584 0.15015 -0.106719 0 
22  1966  1 62.7 72.4853 0.15015 -0.890776 0 
23  1967  1 72.4 62.6903 0.15015 1.03411 0 
24  1968  1 49.8 51.8795 0.15015 -0.197374 0 
25  1969  1 41.8 43.6898 0.15015 -0.219415 0 
26  1970  1 38.3 38.6352 0.15015 0.017034 0 
27  1971  1 31.8 35.9458 0.15015 -0.741089 0 
28  1972  1 31.8 34.7927 0.15015 -0.523943 0 
29  1973  1 35.3 34.5708 0.15015 0.214099 0 
