size Maturity
31 0.072347
33 0.11371
35 0.174279
37 0.257729
39 0.363544
41 0.484449
43 0.607202
45 0.717756
47 0.807081
49 0.873132
51 0.918843
53 0.949046
55 0.968395
57 0.980547
59 0.988084
61 0.992723
63 0.995564
65 0.997299
67 0.998356
69 0.999
71 0.999392
73 0.99963
75 0.999775
77 0.999863
79 0.999917
81 0.99995
83 0.999969
85 0.999981
87 0.999989
89 0.999993
91 0.999996
