 Year SP
1945  3.74503
1946  10.2166
1947  17.5835
1948  20.6971
1949  7.69708
1950  -3.65604
1951  -1.37166
1952  3.01573
1953  6.87769
1954  7.81164
1955  5.81064
1956  2.03879
1957  -2.5867
1958  -6.95077
1959  -11.6719
1960  -15.7266
1961  -19.5775
1962  -24.3187
1963  -34.6322
1964  -38.6022
1965  -24.0596
1966  -6.08299
1967  17.8185
1968  54.3119
1969  90.0248
1970  116.251
1971  137.163
1972  147.802
1973  147.002
1974  141.254
1975  143.656
1976  147.259
1977  166.785
1978  233.631
1979  420.752
1980  680.486
1981  902.933
1982  979.708
1983  952.222
1984  958.92
1985  851.599
1986  697.446
1987  529.933
1988  486.93
1989  544.415
1990  657.047
1991  636.533
1992  653.8
1993  642.897
1994  584.478
1995  569.744
1996  534.784
1997  468.608
1998  278.026
1999  362.686
2000  294.662
2001  265.74
2002  267.517
2003  274.791
2004  277.675
2005  303.63
2006  342.83
2007  389.28
2008  442.858
2009  482.246
2010  507.755
2011  470.513
2012  388.027
2013  317.246
