Period Year Season Obs Pred Sigma StdRes LL
104  2013  2 10 3.4382e-005 0.3003 42.0434 0 
